------------------------------------------------------------
Timing Analyzer Summary
------------------------------------------------------------

Type  : Slow 1200mV 85C Model Setup 'clk2Hz'
Slack : -6.572
TNS   : -308.571

Type  : Slow 1200mV 85C Model Setup 'clk108|altpll_component|auto_generated|pll1|clk[0]'
Slack : -5.535
TNS   : -176.480

Type  : Slow 1200mV 85C Model Setup 'clk'
Slack : -1.142
TNS   : -1.142

Type  : Slow 1200mV 85C Model Hold 'clk2Hz'
Slack : 0.434
TNS   : 0.000

Type  : Slow 1200mV 85C Model Hold 'clk108|altpll_component|auto_generated|pll1|clk[0]'
Slack : 0.454
TNS   : 0.000

Type  : Slow 1200mV 85C Model Hold 'clk'
Slack : 0.733
TNS   : 0.000

Type  : Slow 1200mV 85C Model Minimum Pulse Width 'clk2Hz'
Slack : -1.487
TNS   : -121.934

Type  : Slow 1200mV 85C Model Minimum Pulse Width 'clk108|altpll_component|auto_generated|pll1|clk[0]'
Slack : 4.347
TNS   : 0.000

Type  : Slow 1200mV 85C Model Minimum Pulse Width 'clk'
Slack : 9.783
TNS   : 0.000

Type  : Slow 1200mV 0C Model Setup 'clk2Hz'
Slack : -5.959
TNS   : -283.017

Type  : Slow 1200mV 0C Model Setup 'clk108|altpll_component|auto_generated|pll1|clk[0]'
Slack : -5.111
TNS   : -160.817

Type  : Slow 1200mV 0C Model Setup 'clk'
Slack : -1.042
TNS   : -1.042

Type  : Slow 1200mV 0C Model Hold 'clk2Hz'
Slack : 0.384
TNS   : 0.000

Type  : Slow 1200mV 0C Model Hold 'clk108|altpll_component|auto_generated|pll1|clk[0]'
Slack : 0.402
TNS   : 0.000

Type  : Slow 1200mV 0C Model Hold 'clk'
Slack : 0.682
TNS   : 0.000

Type  : Slow 1200mV 0C Model Minimum Pulse Width 'clk2Hz'
Slack : -1.487
TNS   : -121.934

Type  : Slow 1200mV 0C Model Minimum Pulse Width 'clk108|altpll_component|auto_generated|pll1|clk[0]'
Slack : 4.347
TNS   : 0.000

Type  : Slow 1200mV 0C Model Minimum Pulse Width 'clk'
Slack : 9.774
TNS   : 0.000

Type  : Fast 1200mV 0C Model Setup 'clk108|altpll_component|auto_generated|pll1|clk[0]'
Slack : -2.693
TNS   : -85.246

Type  : Fast 1200mV 0C Model Setup 'clk2Hz'
Slack : -2.212
TNS   : -86.748

Type  : Fast 1200mV 0C Model Setup 'clk'
Slack : -0.327
TNS   : -0.327

Type  : Fast 1200mV 0C Model Hold 'clk2Hz'
Slack : 0.179
TNS   : 0.000

Type  : Fast 1200mV 0C Model Hold 'clk108|altpll_component|auto_generated|pll1|clk[0]'
Slack : 0.187
TNS   : 0.000

Type  : Fast 1200mV 0C Model Hold 'clk'
Slack : 0.273
TNS   : 0.000

Type  : Fast 1200mV 0C Model Minimum Pulse Width 'clk2Hz'
Slack : -1.000
TNS   : -82.000

Type  : Fast 1200mV 0C Model Minimum Pulse Width 'clk108|altpll_component|auto_generated|pll1|clk[0]'
Slack : 4.362
TNS   : 0.000

Type  : Fast 1200mV 0C Model Minimum Pulse Width 'clk'
Slack : 9.434
TNS   : 0.000

------------------------------------------------------------
